  <html>
  <head>
      <title>Demonstration pop-os</title>
  </head>
  <body>
      <h1>Demonstration pop-os</h1>
      <p>Run by root on 10/08/2020 01:15:43 AM EDT<p>
      <h2>Distribution</h2>
<pre>
"Pop!_OS 20.04 LTS"
</pre>
      <h2>Kernel Version</h2>
<pre>
Linux 5.4.0-7642-generic x86_64
</pre>
      <h2>Memory</h2>
<pre>
              total        used        free      shared  buff/cache   available
Mem:        4002248     1525224     1338512        3280     1138512     2214892
Swap:       4193784           0     4193784
</pre>
      <h2>Disk Devices</h2>
<pre>
Disk /dev/sdb: 20 GiB, 21474836480 bytes, 41943040 sectors
Disk model: VMware Virtual S
Units: sectors of 1 * 512 = 512 bytes
Sector size (logical/physical): 512 bytes / 512 bytes
I/O size (minimum/optimal): 512 bytes / 512 bytes
Disklabel type: dos
Disk identifier: 0x6c8bdf1a

Device     Boot Start      End  Sectors Size Id Type
/dev/sdb1        2048 41943039 41940992  20G 83 Linux


Disk /dev/sda: 20 GiB, 21474836480 bytes, 41943040 sectors
Disk model: VMware Virtual S
Units: sectors of 1 * 512 = 512 bytes
Sector size (logical/physical): 512 bytes / 512 bytes
I/O size (minimum/optimal): 512 bytes / 512 bytes
Disklabel type: dos
Disk identifier: 0x4e344116

Device     Boot    Start      End  Sectors Size Id Type
/dev/sda1           4096 33550334 33546239  16G 83 Linux
/dev/sda2       33550336 41938942  8388607   4G 82 Linux swap / Solaris


Disk /dev/mapper/cryptswap: 3.102 GiB, 4294442496 bytes, 8387583 sectors
Units: sectors of 1 * 512 = 512 bytes
Sector size (logical/physical): 512 bytes / 512 bytes
I/O size (minimum/optimal): 512 bytes / 512 bytes
</pre>
      <h2>Disk Space</h2>
<pre>
Filesystem     1K-blocks    Used Available Use% Mounted on
udev             1955892       0   1955892   0% /dev
tmpfs             400228    2052    398176   1% /run
/dev/sda1       16444280 6330152   9259092  41% /
tmpfs            2001124       0   2001124   0% /dev/shm
tmpfs               5120       0      5120   0% /run/lock
tmpfs            2001124       0   2001124   0% /sys/fs/cgroup
/dev/sdb1       20510288   45080  19400300   1% /data
tmpfs             400224      16    400208   1% /run/user/110
tmpfs             400224      24    400200   1% /run/user/1000
/dev/sr0         2221696 2221696         0 100% /media/williamkloppenberg/Pop_OS 20.04 amd64
</pre>
      <h2>Users</h2>
<pre>
uid=1001(alice) gid=1001(alice) groups=1001(alice),1005(management)
uid=1002(bob) gid=1002(bob) groups=1002(bob),1004(accounting)
uid=1003(charlie) gid=1003(charlie) groups=1003(charlie),1004(accounting)
uid=1004(fred) gid=1006(fred) groups=1006(fred),1005(management)
uid=1000(williamkloppenberg) gid=1000(williamkloppenberg) groups=1000(williamkloppenberg),4(adm),27(sudo)
</pre>
      <h2>Network Information</h2>
<pre>
192.168.174.128 
</pre>
      <h2>User Home Directory Space</h2>
<pre>
Bytes   Directory
233572	/home/williamkloppenberg
24	/home/dexter
24	/home/denise
24	/home/charlie
24	/home/bob
24	/home/alice
20	/home/fred
16	/home/ted
16	/home/tanisha
16	/home/pradesh
16	/home/penelope
</pre>
      <h2>Uptime</h2>
<pre>
 01:15:43 up  4:18,  2 users,  load average: 0.07, 0.07, 0.02
</pre>
  </body>
  </html>
